#-----------------------------------------------------------
# Vivado v2020.2 (64-bit)
# SW Build 3064766 on Wed Nov 18 09:12:45 MST 2020
# IP Build 3064653 on Wed Nov 18 14:17:31 MST 2020
# Start of session at: Mon Jan 15 23:38:24 2024
# Process ID: 15764
# Current directory: E:/RFSoC/GIT/Vivado_prj_manager/Verilog_main
# Command line: vivado.exe -mode batch -source E:\RFSoC\GIT\RFSoC\RFSoC_Design_V1_1\IP_File_01\RFSoC_Main_output\RFSoC_Main.tcl
# Log file: E:/RFSoC/GIT/Vivado_prj_manager/Verilog_main/vivado.log
# Journal file: E:/RFSoC/GIT/Vivado_prj_manager/Verilog_main\vivado.jou
#-----------------------------------------------------------
source {E:\RFSoC\GIT\RFSoC\RFSoC_Design_V1_1\IP_File_01\RFSoC_Main_output\RFSoC_Main.tcl}
update_compile_order -fileset sources_1
open_bd_design {E:/RFSoC/GIT/RFSoC/RFSoC_Design_V1_1/IP_File_01/RFSoC_Main_output/RFSoC_Main/RFSoC_Main.srcs/sources_1/bd/RFSoC_Main_blk/RFSoC_Main_blk.bd}
make_wrapper -files [get_files E:/RFSoC/GIT/RFSoC/RFSoC_Design_V1_1/IP_File_01/RFSoC_Main_output/RFSoC_Main/RFSoC_Main.srcs/sources_1/bd/RFSoC_Main_blk/RFSoC_Main_blk.bd] -top
add_files -norecurse e:/RFSoC/GIT/RFSoC/RFSoC_Design_V1_1/IP_File_01/RFSoC_Main_output/RFSoC_Main/RFSoC_Main.gen/sources_1/bd/RFSoC_Main_blk/hdl/RFSoC_Main_blk_wrapper.v
launch_runs impl_1 -to_step write_bitstream -jobs 3
wait_on_run impl_1
open_run impl_1
write_hw_platform -fixed -include_bit -force -file E:/RFSoC/GIT/Vivado_prj_manager/Vitis_main/RFSoC_Main_blk_wrapper.xsa
